
> tasks@0.1.0 test
> react-scripts test

Browserslist: caniuse-lite is outdated. Please run:
  npx browserslist@latest --update-db
  Why you should do it regularly: https://github.com/browserslist/browserslist#browsers-data-updating
FAIL src/quizzer/Quizzer.test.tsx
  ● Console

    console.error
      Warning: Encountered two children with the same key, `2|2`. Keys should be unique so that components maintain their identity across updates. Non-unique keys may cause children to be duplicated and/or omitted — the behavior is unsupported and could change in a future version.
          at div
          at div
          at QuizEdit (/home/runner/work/quizzer_start/quizzer_start/src/quizzer/QuizEdit.tsx:10:5)
          at div
          at QuizView (/home/runner/work/quizzer_start/quizzer_start/src/quizzer/QuizView.tsx:9:5)
          at div
          at QuizList (/home/runner/work/quizzer_start/quizzer_start/src/quizzer/QuizList.tsx:9:5)
          at div
          at Quizzer (/home/runner/work/quizzer_start/quizzer_start/src/quizzer/Quizzer.tsx:24:35)

      at printWarning (node_modules/react-dom/cjs/react-dom.development.js:67:30)
      at error (node_modules/react-dom/cjs/react-dom.development.js:43:5)
      at warnOnInvalidKey (node_modules/react-dom/cjs/react-dom.development.js:13620:11)
      at reconcileChildrenArray (node_modules/react-dom/cjs/react-dom.development.js:13651:21)
      at reconcileChildFibers (node_modules/react-dom/cjs/react-dom.development.js:14125:14)
      at reconcileChildren (node_modules/react-dom/cjs/react-dom.development.js:16997:28)
      at updateHostComponent (node_modules/react-dom/cjs/react-dom.development.js:17632:3)
      at beginWork (node_modules/react-dom/cjs/react-dom.development.js:19080:14)

    console.error
      Warning: Encountered two children with the same key, `2|2`. Keys should be unique so that components maintain their identity across updates. Non-unique keys may cause children to be duplicated and/or omitted — the behavior is unsupported and could change in a future version.
          at div
          at div
          at QuizEdit (/home/runner/work/quizzer_start/quizzer_start/src/quizzer/QuizEdit.tsx:10:5)
          at div
          at QuizView (/home/runner/work/quizzer_start/quizzer_start/src/quizzer/QuizView.tsx:9:5)
          at div
          at QuizList (/home/runner/work/quizzer_start/quizzer_start/src/quizzer/QuizList.tsx:9:5)
          at div
          at Quizzer (/home/runner/work/quizzer_start/quizzer_start/src/quizzer/Quizzer.tsx:24:35)

      at printWarning (node_modules/react-dom/cjs/react-dom.development.js:67:30)
      at error (node_modules/react-dom/cjs/react-dom.development.js:43:5)
      at warnOnInvalidKey (node_modules/react-dom/cjs/react-dom.development.js:13620:11)
      at reconcileChildrenArray (node_modules/react-dom/cjs/react-dom.development.js:13651:21)
      at reconcileChildFibers (node_modules/react-dom/cjs/react-dom.development.js:14125:14)
      at reconcileChildren (node_modules/react-dom/cjs/react-dom.development.js:16997:28)
      at updateHostComponent (node_modules/react-dom/cjs/react-dom.development.js:17632:3)
      at beginWork (node_modules/react-dom/cjs/react-dom.development.js:19080:14)

    console.error
      Warning: Encountered two children with the same key, `2|2`. Keys should be unique so that components maintain their identity across updates. Non-unique keys may cause children to be duplicated and/or omitted — the behavior is unsupported and could change in a future version.
          at div
          at div
          at QuizEdit (/home/runner/work/quizzer_start/quizzer_start/src/quizzer/QuizEdit.tsx:10:5)
          at div
          at QuizView (/home/runner/work/quizzer_start/quizzer_start/src/quizzer/QuizView.tsx:9:5)
          at div
          at QuizList (/home/runner/work/quizzer_start/quizzer_start/src/quizzer/QuizList.tsx:9:5)
          at div
          at Quizzer (/home/runner/work/quizzer_start/quizzer_start/src/quizzer/Quizzer.tsx:24:35)

      at printWarning (node_modules/react-dom/cjs/react-dom.development.js:67:30)
      at error (node_modules/react-dom/cjs/react-dom.development.js:43:5)
      at warnOnInvalidKey (node_modules/react-dom/cjs/react-dom.development.js:13620:11)
      at reconcileChildrenArray (node_modules/react-dom/cjs/react-dom.development.js:13651:21)
      at reconcileChildFibers (node_modules/react-dom/cjs/react-dom.development.js:14125:14)
      at reconcileChildren (node_modules/react-dom/cjs/react-dom.development.js:16997:28)
      at updateHostComponent (node_modules/react-dom/cjs/react-dom.development.js:17632:3)
      at beginWork (node_modules/react-dom/cjs/react-dom.development.js:19080:14)

    console.error
      Warning: Encountered two children with the same key, `2|2`. Keys should be unique so that components maintain their identity across updates. Non-unique keys may cause children to be duplicated and/or omitted — the behavior is unsupported and could change in a future version.
          at div
          at div
          at QuizEdit (/home/runner/work/quizzer_start/quizzer_start/src/quizzer/QuizEdit.tsx:10:5)
          at div
          at QuizView (/home/runner/work/quizzer_start/quizzer_start/src/quizzer/QuizView.tsx:9:5)
          at div
          at QuizList (/home/runner/work/quizzer_start/quizzer_start/src/quizzer/QuizList.tsx:9:5)
          at div
          at Quizzer (/home/runner/work/quizzer_start/quizzer_start/src/quizzer/Quizzer.tsx:24:35)

      at printWarning (node_modules/react-dom/cjs/react-dom.development.js:67:30)
      at error (node_modules/react-dom/cjs/react-dom.development.js:43:5)
      at warnOnInvalidKey (node_modules/react-dom/cjs/react-dom.development.js:13620:11)
      at reconcileChildrenArray (node_modules/react-dom/cjs/react-dom.development.js:13651:21)
      at reconcileChildFibers (node_modules/react-dom/cjs/react-dom.development.js:14125:14)
      at reconcileChildren (node_modules/react-dom/cjs/react-dom.development.js:16997:28)
      at updateHostComponent (node_modules/react-dom/cjs/react-dom.development.js:17632:3)
      at beginWork (node_modules/react-dom/cjs/react-dom.development.js:19080:14)

  ● Quizzer Tests › Users can reorder quiz questions

    expect(element).toHaveTextContent()

    Expected element to have text content:
      Which of these is a color?
    Received:
      1. What is 2+2?

      236 |
      237 |         const afterOrder = screen.getAllByTestId("question_body");
    > 238 |         expect(afterOrder[0]).toHaveTextContent("Which of these is a color?");
          |                               ^
      239 |         expect(afterOrder[1]).toHaveTextContent("What is 2+2?");
      240 |     });
      241 |     /*

      at Object.<anonymous> (src/quizzer/Quizzer.test.tsx:238:31)

PASS src/App.test.tsx
-------------------|---------|----------|---------|---------|----------------------------------------------
File               | % Stmts | % Branch | % Funcs | % Lines | Uncovered Line #s                            
-------------------|---------|----------|---------|---------|----------------------------------------------
All files          |   82.63 |    82.75 |   79.72 |   82.14 |                                              
 src               |   66.66 |       50 |      50 |   66.66 |                                              
  App.tsx          |   66.66 |       50 |      50 |   66.66 | 16                                           
 src/interfaces    |       0 |        0 |       0 |       0 |                                              
  question.ts      |       0 |        0 |       0 |       0 |                                              
  quiz.ts          |       0 |        0 |       0 |       0 |                                              
 src/quizzer       |   82.97 |    85.18 |   80.55 |   82.48 |                                              
  AddQuizModal.tsx |   58.33 |      100 |      40 |   58.33 | 43-62                                        
  QuestionEdit.tsx |   43.33 |    66.66 |      40 |   43.33 | 27-30,39-40,49-50,57-59,67-69,92-165,199,226 
  QuizCard.tsx     |     100 |       80 |     100 |     100 | 32                                           
  QuizEdit.tsx     |      92 |      100 |   86.66 |      92 | 74,104                                       
  QuizExpanded.tsx |     100 |      100 |     100 |     100 |                                              
  QuizList.tsx     |     100 |      100 |     100 |     100 |                                              
  QuizQuestion.tsx |     100 |    85.71 |     100 |     100 | 24-31                                        
  QuizView.tsx     |     100 |      100 |     100 |     100 |                                              
  Quizzer.tsx      |     100 |       75 |     100 |     100 | 37                                           
-------------------|---------|----------|---------|---------|----------------------------------------------

Test Suites: 1 failed, 1 passed, 2 total
Tests:       1 failed, 12 passed, 13 total
Snapshots:   0 total
Time:        4.248 s
Ran all test suites.
